[View: Complete]
route: /checkout-complete.html

[Guide]
AllItemsLink       1
BackHomeButton     1
CartLink           1
CloseMenuButton    1
CompleteHeader     1
CompleteText       1
FacebookLink       1
GeneratePdfLink    1
LinkedInLink       1
LogoutLink         1
MenuButton         1
ResetAppStateLink  1
TwitterLink        1

--- component tree ---

20 generic
  21 generic
    22 generic
      27 generic
        28 [MenuButton "Open Menu"]
        30 image "Open Menu"
      51 [CartLink]
    55 generic
      56 image "Pony Express"
      57 [CompleteHeader text="Thank you for your order!"]
      59 [CompleteText]
      62 [BackHomeButton "Back Home"]
      64 [GeneratePdfLink "Generate PDF order"]
  66 contentinfo
    67 list
      68 listitem
        69 [TwitterLink "Twitter"]
      71 listitem
        72 [FacebookLink "Facebook"]
      74 listitem
        75 [LinkedInLink "LinkedIn"]
[Warnings]
Complete: CartBadge — 0 matches
Complete: ItemName — 0 matches
Complete: ItemPrice — 0 matches
Complete: AddToCartButton — 0 matches
Complete: CancelButton — 0 matches
Complete: CartItem — 0 matches
Complete: ItemName — 0 matches
Complete: ItemPrice — 0 matches
Complete: Quantity — 0 matches
Complete: RemoveButton — 0 matches


[Coverage] (visible only)
7 interactive · 7 direct T1 (100%) · 0 scoped T2 (0%) · 0 orphaned T3 ✓
