[View: CheckoutOverview]
route: /checkout-step-two.html

[Guide]
AllItemsLink       1
CancelButton       1
CartBadge          1
CartItem           1
CartLink           1
CloseMenuButton    1
FacebookLink       1
FinishButton       1
ItemName           1
ItemPrice          1
LinkedInLink       1
LogoutLink         1
MenuButton         1
Quantity           1
ResetAppStateLink  1
SubtotalLabel      1
TaxLabel           1
TotalLabel         1
TwitterLink        1

--- component tree ---

20 generic
  21 generic
    22 generic
      27 generic
        28 [MenuButton "Open Menu"]
        30 image "Open Menu"
      51 [CartLink "1"]
        52 [CartBadge]
    64 [CartItem]
      65 [Quantity]
      67 generic
        68 link "Sauce Labs Backpack"
          69 [ItemName]
        74 [ItemPrice]
    88 [SubtotalLabel]
    91 [TaxLabel]
    94 [TotalLabel]
    98 [CancelButton "Go back Cancel"]
      100 image "Go back"
    101 [FinishButton "Finish"]
  103 contentinfo
    104 list
      105 listitem
        106 [TwitterLink "Twitter"]
      108 listitem
        109 [FacebookLink "Facebook"]
      111 listitem
        112 [LinkedInLink "LinkedIn"]
[Warnings]
CheckoutOverview: AddToCartButton — 0 matches
CheckoutOverview: RemoveButton — 0 matches


[Coverage] (visible only)
10 interactive · 8 direct T1 (80%) · 2 scoped T2 (20%) · 0 orphaned T3 ✓
