[View: Cart]
route: /cart.html

[Guide]
AllItemsLink            1
CartBadge               1
CartItem                1
CartLink                1
CheckoutButton          1
CloseMenuButton         1
ContinueShoppingButton  1
FacebookLink            1
ItemName                1
ItemPrice               1
LinkedInLink            1
LogoutLink              1
MenuButton              1
Quantity                1
RemoveButton            1
ResetAppStateLink       1
TwitterLink             1

--- component tree ---

20 generic
  21 generic
    22 generic
      27 generic
        28 [MenuButton "Open Menu"]
        30 image "Open Menu"
      51 [CartLink count="1"]
        52 [CartBadge]
    64 [CartItem name="Sauce Labs Backpack"]
      65 [Quantity]
      67 generic
        68 [ItemName text="Sauce Labs Backpack"]
        74 [ItemPrice]
        77 [RemoveButton "Remove"]
    80 [ContinueShoppingButton "Go back Continue Shopping"]
      82 image "Go back"
    83 [CheckoutButton "Checkout"]
  85 contentinfo
    86 list
      87 listitem
        88 [TwitterLink "Twitter"]
      90 listitem
        91 [FacebookLink "Facebook"]
      93 listitem
        94 [LinkedInLink "LinkedIn"]
[Warnings]
Cart: AddToCartButton — 0 matches
Cart: CancelButton — 0 matches


[Coverage] (visible only)
11 interactive · 9 direct T1 (82%) · 2 scoped T2 (18%) · 0 orphaned T3 ✓
