[View: CheckoutInfo]
route: /checkout-step-one.html

[Guide]
AllItemsLink       1
CancelButton       1
CartBadge          1
CartLink           1
CloseMenuButton    1
ContinueButton     1
FacebookLink       1
FirstNameField     1
LastNameField      1
LinkedInLink       1
LogoutLink         1
MenuButton         1
PostalCodeField    1
ResetAppStateLink  1
TwitterLink        1

--- component tree ---

20 generic
  21 generic
    22 generic
      27 generic
        28 [MenuButton "Open Menu"]
        30 image "Open Menu"
      51 [CartLink "1"]
        52 [CartBadge]
    59 form
      62 [FirstNameField "First Name"]
      64 [LastNameField "Last Name"]
      66 [PostalCodeField "Zip/Postal Code"]
      69 [CancelButton "Go back Cancel"]
        71 image "Go back"
      72 [ContinueButton "Continue"]
  73 contentinfo
    74 list
      75 listitem
        76 [TwitterLink "Twitter"]
      78 listitem
        79 [FacebookLink "Facebook"]
      81 listitem
        82 [LinkedInLink "LinkedIn"]
[Warnings]
CheckoutInfo: CheckoutError — 0 matches
CheckoutInfo: ItemName — 0 matches
CheckoutInfo: ItemPrice — 0 matches
CheckoutInfo: AddToCartButton — 0 matches
CheckoutInfo: CartItem — 0 matches
CheckoutInfo: ItemName — 0 matches
CheckoutInfo: ItemPrice — 0 matches
CheckoutInfo: Quantity — 0 matches
CheckoutInfo: RemoveButton — 0 matches


[Coverage] (visible only)
11 interactive · 10 direct T1 (91%) · 1 scoped T2 (9%) · 0 orphaned T3 ✓
