[View: Login]
route: /

[Guide]
LoginButton    1
PasswordField  1
UsernameField  1

--- component tree ---

document
  27 form
    29 [UsernameField "Username"]
    31 [PasswordField "Password"]
    33 [LoginButton "Login"]
  36 generic
    43 heading "Accepted usernames are:"
  53 heading "Password for all users:"
[Warnings]
Login: LoginError — 0 matches
Login: MenuButton — 0 matches
Login: CloseMenuButton — 0 matches
Login: AllItemsLink — 0 matches
Login: LogoutLink — 0 matches
Login: ResetAppStateLink — 0 matches
Login: CartLink — 0 matches
Login: CartBadge — 0 matches
Login: TwitterLink — 0 matches
Login: FacebookLink — 0 matches
Login: LinkedInLink — 0 matches
Login: ItemName — 0 matches
Login: ItemPrice — 0 matches
Login: AddToCartButton — 0 matches
Login: CancelButton — 0 matches
Login: CartItem — 0 matches
Login: ItemName — 0 matches
Login: ItemPrice — 0 matches
Login: Quantity — 0 matches
Login: RemoveButton — 0 matches


[Coverage] (visible only)
3 interactive · 3 direct T1 (100%) · 0 scoped T2 (0%) · 0 orphaned T3 ✓
